60 20
Finish From: left
############################################################
############################################################
######________________________________________________######
####____________________________________________________####
####____________________________________________________####
###______________________________________________________###
###______________________________________________________###
###_________####################################_________###
##_________######################################_________##
##_________######################################_________##
##_________######################################_________##
##_________######################################_________##
###_________####################################_________###
###________________________=_____________________________###
###________________________=_____________________________###
####_______________________=___C________________________####
####_______________________=____________________________####
######_____________________=__________________________######
############################################################
############################################################